16:45:08 | ============================================================
16:45:08 |   DNN Equalizer — 训练开始
16:45:08 | ============================================================
16:45:08 | 运行设备: cuda
16:45:08 | 配置参数: {'window_size': 21, 'sps': 2, 'hidden_dims': [64, 32, 16], 'use_batchnorm': True, 'dropout': 0.1, 'batch_size': 256, 'epochs': 50, 'lr': 0.001, 'label_scale': 3.0, 'eval_interval': 1, 'device': 'cuda'}
16:45:08 | 归一化统计 (训练集): mean=-0.0008, std=1.2389
16:45:08 | 训练信号点数: 262,144  |  训练符号数: 131,072
16:45:08 | 测试信号点数: 262,144   |  测试符号数: 131,072
16:45:08 | 
===== DNN 参数量统计 =====
16:45:08 |   总参数量:     4,257
16:45:08 |   可训练参数量: 4,257
16:45:08 |   各层参数明细:
16:45:08 |     net.0.weight: 1,344  [64, 21]
16:45:08 |     net.0.bias: 64  [64]
16:45:08 |     net.1.weight: 64  [64]
16:45:08 |     net.1.bias: 64  [64]
16:45:08 |     net.4.weight: 2,048  [32, 64]
16:45:08 |     net.4.bias: 32  [32]
16:45:08 |     net.5.weight: 32  [32]
16:45:08 |     net.5.bias: 32  [32]
16:45:08 |     net.8.weight: 512  [16, 32]
16:45:08 |     net.8.bias: 16  [16]
16:45:08 |     net.9.weight: 16  [16]
16:45:08 |     net.9.bias: 16  [16]
16:45:08 |     net.12.weight: 16  [1, 16]
16:45:08 |     net.12.bias: 1  [1]
16:45:08 | ==========================

16:45:13 | Epoch [  1/50] Time:   2.5s | Train Loss: 0.062703 | Val Loss: 0.009616 | Val BER: 1.6786e-04 | LR: 9.99e-04
16:45:13 |   ★ 最优模型已更新 → Epoch 1, Val Loss=0.009616, Val BER=1.6786e-04
16:45:17 | Epoch [  2/50] Time:   2.3s | Train Loss: 0.026579 | Val Loss: 0.006983 | Val BER: 2.2890e-05 | LR: 9.96e-04
16:45:17 |   ★ 最优模型已更新 → Epoch 2, Val Loss=0.006983, Val BER=2.2890e-05
16:45:21 | Epoch [  3/50] Time:   2.3s | Train Loss: 0.023240 | Val Loss: 0.005590 | Val BER: 7.6300e-06 | LR: 9.91e-04
16:45:21 |   ★ 最优模型已更新 → Epoch 3, Val Loss=0.005590, Val BER=7.6300e-06
16:45:25 | Epoch [  4/50] Time:   2.3s | Train Loss: 0.021666 | Val Loss: 0.004752 | Val BER: 2.2890e-05 | LR: 9.84e-04
16:45:25 |   ★ 最优模型已更新 → Epoch 4, Val Loss=0.004752, Val BER=2.2890e-05
16:45:29 | Epoch [  5/50] Time:   2.3s | Train Loss: 0.019727 | Val Loss: 0.003832 | Val BER: 1.5260e-05 | LR: 9.76e-04
16:45:29 |   ★ 最优模型已更新 → Epoch 5, Val Loss=0.003832, Val BER=1.5260e-05
16:45:33 | Epoch [  6/50] Time:   2.3s | Train Loss: 0.017854 | Val Loss: 0.003303 | Val BER: 1.5260e-05 | LR: 9.65e-04
16:45:33 |   ★ 最优模型已更新 → Epoch 6, Val Loss=0.003303, Val BER=1.5260e-05
16:45:36 | Epoch [  7/50] Time:   2.2s | Train Loss: 0.016980 | Val Loss: 0.002667 | Val BER: 1.5260e-05 | LR: 9.53e-04
16:45:36 |   ★ 最优模型已更新 → Epoch 7, Val Loss=0.002667, Val BER=1.5260e-05
16:45:40 | Epoch [  8/50] Time:   2.3s | Train Loss: 0.015102 | Val Loss: 0.001610 | Val BER: 7.6300e-05 | LR: 9.39e-04
16:45:40 |   ★ 最优模型已更新 → Epoch 8, Val Loss=0.001610, Val BER=7.6300e-05
16:45:44 | Epoch [  9/50] Time:   2.3s | Train Loss: 0.013842 | Val Loss: 0.000910 | Val BER: 7.6300e-05 | LR: 9.23e-04
16:45:44 |   ★ 最优模型已更新 → Epoch 9, Val Loss=0.000910, Val BER=7.6300e-05
16:45:48 | Epoch [ 10/50] Time:   2.3s | Train Loss: 0.013309 | Val Loss: 0.000729 | Val BER: 6.1040e-05 | LR: 9.05e-04
16:45:48 |   ★ 最优模型已更新 → Epoch 10, Val Loss=0.000729, Val BER=6.1040e-05
16:45:52 | Epoch [ 11/50] Time:   2.2s | Train Loss: 0.012839 | Val Loss: 0.000552 | Val BER: 3.8150e-05 | LR: 8.86e-04
16:45:52 |   ★ 最优模型已更新 → Epoch 11, Val Loss=0.000552, Val BER=3.8150e-05
16:45:56 | Epoch [ 12/50] Time:   2.3s | Train Loss: 0.012435 | Val Loss: 0.000611 | Val BER: 8.3930e-05 | LR: 8.66e-04
16:45:59 | Epoch [ 13/50] Time:   2.2s | Train Loss: 0.012877 | Val Loss: 0.000569 | Val BER: 4.5780e-05 | LR: 8.44e-04
16:46:03 | Epoch [ 14/50] Time:   2.3s | Train Loss: 0.012292 | Val Loss: 0.000623 | Val BER: 7.6300e-06 | LR: 8.21e-04
16:46:07 | Epoch [ 15/50] Time:   2.2s | Train Loss: 0.012184 | Val Loss: 0.000363 | Val BER: 3.8150e-05 | LR: 7.96e-04
16:46:07 |   ★ 最优模型已更新 → Epoch 15, Val Loss=0.000363, Val BER=3.8150e-05
16:46:11 | Epoch [ 16/50] Time:   2.2s | Train Loss: 0.012028 | Val Loss: 0.000485 | Val BER: 3.8150e-05 | LR: 7.70e-04
16:46:15 | Epoch [ 17/50] Time:   2.3s | Train Loss: 0.011850 | Val Loss: 0.000403 | Val BER: 3.8150e-05 | LR: 7.43e-04
16:46:19 | Epoch [ 18/50] Time:   2.2s | Train Loss: 0.011797 | Val Loss: 0.000445 | Val BER: 0.0000e+00 | LR: 7.16e-04
16:46:22 | Epoch [ 19/50] Time:   2.3s | Train Loss: 0.011673 | Val Loss: 0.000479 | Val BER: 3.0520e-05 | LR: 6.87e-04
16:46:26 | Epoch [ 20/50] Time:   2.1s | Train Loss: 0.011701 | Val Loss: 0.000644 | Val BER: 7.6300e-06 | LR: 6.58e-04
16:46:30 | Epoch [ 21/50] Time:   2.2s | Train Loss: 0.011678 | Val Loss: 0.000321 | Val BER: 1.5260e-05 | LR: 6.28e-04
16:46:30 |   ★ 最优模型已更新 → Epoch 21, Val Loss=0.000321, Val BER=1.5260e-05
16:46:34 | Epoch [ 22/50] Time:   2.2s | Train Loss: 0.011333 | Val Loss: 0.000332 | Val BER: 1.5260e-05 | LR: 5.98e-04
16:46:38 | Epoch [ 23/50] Time:   2.3s | Train Loss: 0.011362 | Val Loss: 0.000522 | Val BER: 1.5260e-05 | LR: 5.67e-04
16:46:42 | Epoch [ 24/50] Time:   2.2s | Train Loss: 0.011131 | Val Loss: 0.001141 | Val BER: 4.5780e-05 | LR: 5.36e-04
16:46:46 | Epoch [ 25/50] Time:   2.7s | Train Loss: 0.011173 | Val Loss: 0.000260 | Val BER: 7.6300e-06 | LR: 5.05e-04
16:46:46 |   ★ 最优模型已更新 → Epoch 25, Val Loss=0.000260, Val BER=7.6300e-06
16:46:50 | Epoch [ 26/50] Time:   2.3s | Train Loss: 0.011054 | Val Loss: 0.000223 | Val BER: 1.5260e-05 | LR: 4.74e-04
16:46:50 |   ★ 最优模型已更新 → Epoch 26, Val Loss=0.000223, Val BER=1.5260e-05
16:46:54 | Epoch [ 27/50] Time:   2.4s | Train Loss: 0.011197 | Val Loss: 0.000438 | Val BER: 7.6300e-06 | LR: 4.43e-04
16:46:58 | Epoch [ 28/50] Time:   2.3s | Train Loss: 0.010801 | Val Loss: 0.000394 | Val BER: 1.5260e-05 | LR: 4.12e-04
16:47:02 | Epoch [ 29/50] Time:   2.3s | Train Loss: 0.010804 | Val Loss: 0.000707 | Val BER: 0.0000e+00 | LR: 3.82e-04
16:47:06 | Epoch [ 30/50] Time:   2.3s | Train Loss: 0.010751 | Val Loss: 0.000249 | Val BER: 0.0000e+00 | LR: 3.52e-04
16:47:10 | Epoch [ 31/50] Time:   2.5s | Train Loss: 0.010819 | Val Loss: 0.000346 | Val BER: 7.6300e-06 | LR: 3.23e-04
16:47:14 | Epoch [ 32/50] Time:   2.3s | Train Loss: 0.010829 | Val Loss: 0.000421 | Val BER: 7.6300e-06 | LR: 2.94e-04
16:47:18 | Epoch [ 33/50] Time:   2.3s | Train Loss: 0.010612 | Val Loss: 0.000381 | Val BER: 0.0000e+00 | LR: 2.67e-04
