16:44:00 | ============================================================
16:44:00 |   FCNN Equalizer — 训练开始
16:44:00 | ============================================================
16:44:00 | 运行设备: cuda
16:44:00 | 配置参数: {'window_size': 21, 'sps': 2, 'hidden_dims': [32, 16], 'batch_size': 256, 'epochs': 15, 'lr': 0.001, 'label_scale': 3.0, 'eval_interval': 1, 'device': 'cuda'}
16:44:00 | 归一化统计 (训练集): mean=-0.0008, std=1.2389
16:44:00 | 训练信号点数: 262,144  |  训练符号数: 131,072
16:44:00 | 测试信号点数: 262,144   |  测试符号数: 131,072
16:44:00 | 
===== FCNN 参数量统计 =====
16:44:00 |   总参数量:     1,249
16:44:00 |   可训练参数量: 1,249
16:44:00 |   各层参数明细:
16:44:00 |     net.0.weight: 672  [32, 21]
16:44:00 |     net.0.bias: 32  [32]
16:44:00 |     net.2.weight: 512  [16, 32]
16:44:00 |     net.2.bias: 16  [16]
16:44:00 |     net.4.weight: 16  [1, 16]
16:44:00 |     net.4.bias: 1  [1]
16:44:00 | ==========================

16:44:05 | Epoch [  1/15] Time:   2.6s | Train Loss: 0.063863 | Val Loss: 0.008306 | Val BER: 4.8832e-04 | LR: 9.89e-04
16:44:05 |   ★ 最优模型已更新 → Epoch 1, Val Loss=0.008306, Val BER=4.8832e-04
16:44:08 | Epoch [  2/15] Time:   1.9s | Train Loss: 0.006274 | Val Loss: 0.005322 | Val BER: 4.5780e-05 | LR: 9.57e-04
16:44:08 |   ★ 最优模型已更新 → Epoch 2, Val Loss=0.005322, Val BER=4.5780e-05
16:44:12 | Epoch [  3/15] Time:   1.8s | Train Loss: 0.004943 | Val Loss: 0.004698 | Val BER: 1.5260e-05 | LR: 9.05e-04
16:44:12 |   ★ 最优模型已更新 → Epoch 3, Val Loss=0.004698, Val BER=1.5260e-05
16:44:15 | Epoch [  4/15] Time:   1.9s | Train Loss: 0.004419 | Val Loss: 0.004201 | Val BER: 0.0000e+00 | LR: 8.36e-04
16:44:15 |   ★ 最优模型已更新 → Epoch 4, Val Loss=0.004201, Val BER=0.0000e+00
16:44:18 | Epoch [  5/15] Time:   1.8s | Train Loss: 0.004059 | Val Loss: 0.003831 | Val BER: 0.0000e+00 | LR: 7.52e-04
16:44:18 |   ★ 最优模型已更新 → Epoch 5, Val Loss=0.003831, Val BER=0.0000e+00
16:44:21 | Epoch [  6/15] Time:   1.8s | Train Loss: 0.003727 | Val Loss: 0.003640 | Val BER: 0.0000e+00 | LR: 6.58e-04
16:44:21 |   ★ 最优模型已更新 → Epoch 6, Val Loss=0.003640, Val BER=0.0000e+00
