17:02:46 | ============================================================
17:02:46 |   FCNN Equalizer — 训练开始
17:02:46 | ============================================================
17:02:46 | 运行设备: cuda
17:02:46 | 配置参数: {'window_size': 21, 'sps': 2, 'hidden_dims': [32, 16], 'batch_size': 256, 'epochs': 15, 'lr': 0.001, 'label_scale': 3.0, 'eval_interval': 1, 'device': 'cuda'}
17:02:46 | 归一化统计 (训练集): mean=-0.0008, std=1.2389
17:02:46 | 训练信号点数: 262,144  |  训练符号数: 131,072
17:02:46 | 测试信号点数: 262,144   |  测试符号数: 131,072
17:02:46 | 
===== FCNN 参数量统计 =====
17:02:46 |   总参数量:     1,249
17:02:46 |   可训练参数量: 1,249
17:02:46 |   各层参数明细:
17:02:46 |     net.0.weight: 672  [32, 21]
17:02:46 |     net.0.bias: 32  [32]
17:02:46 |     net.2.weight: 512  [16, 32]
17:02:46 |     net.2.bias: 16  [16]
17:02:46 |     net.4.weight: 16  [1, 16]
17:02:46 |     net.4.bias: 1  [1]
17:02:46 | ==========================

17:02:50 | Epoch [  1/15] Time:   2.0s | Train Loss: 0.055357 | Val Loss: 0.006673 | Val BER: 6.8670e-05 | LR: 9.89e-04
17:02:50 |   ★ 最优模型已更新 → Epoch 1, Val Loss=0.006673, Val BER=6.8670e-05
17:02:54 | Epoch [  2/15] Time:   1.8s | Train Loss: 0.005517 | Val Loss: 0.004806 | Val BER: 0.0000e+00 | LR: 9.57e-04
17:02:54 |   ★ 最优模型已更新 → Epoch 2, Val Loss=0.004806, Val BER=0.0000e+00
17:02:58 | Epoch [  3/15] Time:   2.2s | Train Loss: 0.004577 | Val Loss: 0.004290 | Val BER: 0.0000e+00 | LR: 9.05e-04
17:02:58 |   ★ 最优模型已更新 → Epoch 3, Val Loss=0.004290, Val BER=0.0000e+00
17:03:02 | Epoch [  4/15] Time:   2.3s | Train Loss: 0.004059 | Val Loss: 0.003832 | Val BER: 0.0000e+00 | LR: 8.36e-04
17:03:02 |   ★ 最优模型已更新 → Epoch 4, Val Loss=0.003832, Val BER=0.0000e+00
17:03:06 | Epoch [  5/15] Time:   2.2s | Train Loss: 0.003669 | Val Loss: 0.003474 | Val BER: 0.0000e+00 | LR: 7.52e-04
17:03:06 |   ★ 最优模型已更新 → Epoch 5, Val Loss=0.003474, Val BER=0.0000e+00
17:03:10 | Epoch [  6/15] Time:   2.2s | Train Loss: 0.003386 | Val Loss: 0.003270 | Val BER: 0.0000e+00 | LR: 6.58e-04
17:03:10 |   ★ 最优模型已更新 → Epoch 6, Val Loss=0.003270, Val BER=0.0000e+00
17:03:15 | Epoch [  7/15] Time:   2.2s | Train Loss: 0.003186 | Val Loss: 0.003138 | Val BER: 0.0000e+00 | LR: 5.57e-04
17:03:15 |   ★ 最优模型已更新 → Epoch 7, Val Loss=0.003138, Val BER=0.0000e+00
17:03:19 | Epoch [  8/15] Time:   2.6s | Train Loss: 0.003033 | Val Loss: 0.002973 | Val BER: 0.0000e+00 | LR: 4.53e-04
17:03:19 |   ★ 最优模型已更新 → Epoch 8, Val Loss=0.002973, Val BER=0.0000e+00
17:03:24 | Epoch [  9/15] Time:   2.6s | Train Loss: 0.002913 | Val Loss: 0.002860 | Val BER: 0.0000e+00 | LR: 3.52e-04
17:03:24 |   ★ 最优模型已更新 → Epoch 9, Val Loss=0.002860, Val BER=0.0000e+00
17:03:28 | Epoch [ 10/15] Time:   2.3s | Train Loss: 0.002801 | Val Loss: 0.002753 | Val BER: 0.0000e+00 | LR: 2.58e-04
17:03:28 |   ★ 最优模型已更新 → Epoch 10, Val Loss=0.002753, Val BER=0.0000e+00
17:03:32 | Epoch [ 11/15] Time:   2.2s | Train Loss: 0.002723 | Val Loss: 0.002730 | Val BER: 0.0000e+00 | LR: 1.74e-04
17:03:32 |   ★ 最优模型已更新 → Epoch 11, Val Loss=0.002730, Val BER=0.0000e+00
17:03:36 | Epoch [ 12/15] Time:   2.2s | Train Loss: 0.002671 | Val Loss: 0.002662 | Val BER: 0.0000e+00 | LR: 1.05e-04
17:03:36 |   ★ 最优模型已更新 → Epoch 12, Val Loss=0.002662, Val BER=0.0000e+00
17:03:40 | Epoch [ 13/15] Time:   2.2s | Train Loss: 0.002627 | Val Loss: 0.002663 | Val BER: 0.0000e+00 | LR: 5.28e-05
17:03:44 | Epoch [ 14/15] Time:   2.3s | Train Loss: 0.002600 | Val Loss: 0.002608 | Val BER: 0.0000e+00 | LR: 2.08e-05
17:03:44 |   ★ 最优模型已更新 → Epoch 14, Val Loss=0.002608, Val BER=0.0000e+00
17:03:48 | Epoch [ 15/15] Time:   2.2s | Train Loss: 0.002585 | Val Loss: 0.002602 | Val BER: 0.0000e+00 | LR: 1.00e-05
17:03:48 |   ★ 最优模型已更新 → Epoch 15, Val Loss=0.002602, Val BER=0.0000e+00
17:03:48 | 
============================================================
17:03:48 | 训练完成！最优 Epoch: 15
17:03:48 | 最优验证损失: 0.002602
17:03:48 | 最优验证 BER:  0.0000e+00
17:03:48 | 模型已保存至:  D:\IMDD_transformer\models\fcnn_model.pth
17:03:48 | ============================================================
17:03:49 | 训练曲线已保存: D:\IMDD_transformer\images\fcnn_training_loss.png
