09:42:25 | ============================================================
09:42:25 |   KAN-Former Equalizer — 训练开始
09:42:25 | ============================================================
09:42:25 | 运行设备: cuda
09:42:25 | 配置参数: {'window_size': 21, 'sps': 2, 'd_model': 16, 'nhead': 2, 'dim_feedforward': 16, 'num_layers': 1, 'num_passes': 2, 'use_weight_sharing': True, 'use_center_token': True, 'use_sinusoidal_pe': True, 'kan_grid_size': 3, 'batch_size': 256, 'epochs': 50, 'lr': 0.001, 'label_scale': 3.0, 'eval_interval': 1, 'device': 'cuda'}
09:42:25 | 归一化统计 (训练集): mean=-0.0008, std=1.2389
09:42:25 | 训练信号点数: 262,144  |  训练符号数: 131,072
09:42:25 | 测试信号点数: 262,144   |  测试符号数: 131,072
09:42:25 | 
===== KAN-Former 参数量统计 =====
09:42:25 |   总参数量:     3,329
09:42:25 |   可训练参数量: 3,329
09:42:25 | ==========================

09:42:34 | Epoch [  1/50] Time:   5.5s | Train Loss: 0.071832 | Val Loss: 0.029209 | Val BER: 8.7089e-02 | LR: 9.99e-04
09:42:34 |   ★ 最优模型已更新 → Epoch 1, Val Loss=0.029209, Val BER=8.7089e-02
09:42:41 | Epoch [  2/50] Time:   4.7s | Train Loss: 0.027555 | Val Loss: 0.019668 | Val BER: 5.9522e-02 | LR: 9.96e-04
09:42:41 |   ★ 最优模型已更新 → Epoch 2, Val Loss=0.019668, Val BER=5.9522e-02
09:42:48 | Epoch [  3/50] Time:   4.8s | Train Loss: 0.017858 | Val Loss: 0.010420 | Val BER: 2.9826e-02 | LR: 9.91e-04
09:42:48 |   ★ 最优模型已更新 → Epoch 3, Val Loss=0.010420, Val BER=2.9826e-02
09:42:55 | Epoch [  4/50] Time:   4.7s | Train Loss: 0.012602 | Val Loss: 0.007918 | Val BER: 2.1204e-02 | LR: 9.84e-04
09:42:55 |   ★ 最优模型已更新 → Epoch 4, Val Loss=0.007918, Val BER=2.1204e-02
09:43:02 | Epoch [  5/50] Time:   4.5s | Train Loss: 0.009477 | Val Loss: 0.004698 | Val BER: 1.2498e-02 | LR: 9.76e-04
09:43:02 |   ★ 最优模型已更新 → Epoch 5, Val Loss=0.004698, Val BER=1.2498e-02
09:43:09 | Epoch [  6/50] Time:   4.8s | Train Loss: 0.007402 | Val Loss: 0.003885 | Val BER: 9.7359e-03 | LR: 9.65e-04
09:43:09 |   ★ 最优模型已更新 → Epoch 6, Val Loss=0.003885, Val BER=9.7359e-03
09:43:16 | Epoch [  7/50] Time:   4.9s | Train Loss: 0.005974 | Val Loss: 0.003299 | Val BER: 7.7903e-03 | LR: 9.53e-04
09:43:16 |   ★ 最优模型已更新 → Epoch 7, Val Loss=0.003299, Val BER=7.7903e-03
09:43:23 | Epoch [  8/50] Time:   4.3s | Train Loss: 0.005281 | Val Loss: 0.002654 | Val BER: 7.0196e-03 | LR: 9.39e-04
09:43:23 |   ★ 最优模型已更新 → Epoch 8, Val Loss=0.002654, Val BER=7.0196e-03
09:43:29 | Epoch [  9/50] Time:   4.3s | Train Loss: 0.004546 | Val Loss: 0.002558 | Val BER: 6.9662e-03 | LR: 9.23e-04
09:43:29 |   ★ 最优模型已更新 → Epoch 9, Val Loss=0.002558, Val BER=6.9662e-03
09:43:36 | Epoch [ 10/50] Time:   4.6s | Train Loss: 0.004265 | Val Loss: 0.002104 | Val BER: 5.1808e-03 | LR: 9.05e-04
09:43:36 |   ★ 最优模型已更新 → Epoch 10, Val Loss=0.002104, Val BER=5.1808e-03
09:43:43 | Epoch [ 11/50] Time:   4.7s | Train Loss: 0.003958 | Val Loss: 0.001822 | Val BER: 4.7993e-03 | LR: 8.86e-04
09:43:43 |   ★ 最优模型已更新 → Epoch 11, Val Loss=0.001822, Val BER=4.7993e-03
09:43:50 | Epoch [ 12/50] Time:   4.5s | Train Loss: 0.003770 | Val Loss: 0.001990 | Val BER: 4.9137e-03 | LR: 8.66e-04
09:43:57 | Epoch [ 13/50] Time:   4.5s | Train Loss: 0.003626 | Val Loss: 0.001910 | Val BER: 4.7306e-03 | LR: 8.44e-04
09:44:03 | Epoch [ 14/50] Time:   4.4s | Train Loss: 0.003418 | Val Loss: 0.002061 | Val BER: 4.8909e-03 | LR: 8.21e-04
09:44:10 | Epoch [ 15/50] Time:   4.4s | Train Loss: 0.003232 | Val Loss: 0.002810 | Val BER: 7.6224e-03 | LR: 7.96e-04
09:44:17 | Epoch [ 16/50] Time:   4.7s | Train Loss: 0.003109 | Val Loss: 0.001518 | Val BER: 4.0897e-03 | LR: 7.70e-04
09:44:17 |   ★ 最优模型已更新 → Epoch 16, Val Loss=0.001518, Val BER=4.0897e-03
09:44:25 | Epoch [ 17/50] Time:   5.2s | Train Loss: 0.002911 | Val Loss: 0.001485 | Val BER: 3.9600e-03 | LR: 7.43e-04
09:44:25 |   ★ 最优模型已更新 → Epoch 17, Val Loss=0.001485, Val BER=3.9600e-03
09:44:32 | Epoch [ 18/50] Time:   4.8s | Train Loss: 0.002910 | Val Loss: 0.001501 | Val BER: 4.0134e-03 | LR: 7.16e-04
09:44:40 | Epoch [ 19/50] Time:   4.7s | Train Loss: 0.002631 | Val Loss: 0.001225 | Val BER: 2.7697e-03 | LR: 6.87e-04
09:44:40 |   ★ 最优模型已更新 → Epoch 19, Val Loss=0.001225, Val BER=2.7697e-03
09:44:47 | Epoch [ 20/50] Time:   4.8s | Train Loss: 0.002459 | Val Loss: 0.001135 | Val BER: 2.9070e-03 | LR: 6.58e-04
09:44:47 |   ★ 最优模型已更新 → Epoch 20, Val Loss=0.001135, Val BER=2.9070e-03
09:44:54 | Epoch [ 21/50] Time:   4.7s | Train Loss: 0.002372 | Val Loss: 0.001009 | Val BER: 2.6781e-03 | LR: 6.28e-04
09:44:54 |   ★ 最优模型已更新 → Epoch 21, Val Loss=0.001009, Val BER=2.6781e-03
09:45:02 | Epoch [ 22/50] Time:   5.1s | Train Loss: 0.002167 | Val Loss: 0.001279 | Val BER: 2.7316e-03 | LR: 5.98e-04
09:45:10 | Epoch [ 23/50] Time:   5.4s | Train Loss: 0.002091 | Val Loss: 0.001144 | Val BER: 2.7163e-03 | LR: 5.67e-04
09:45:18 | Epoch [ 24/50] Time:   4.9s | Train Loss: 0.002081 | Val Loss: 0.000774 | Val BER: 1.8999e-03 | LR: 5.36e-04
09:45:18 |   ★ 最优模型已更新 → Epoch 24, Val Loss=0.000774, Val BER=1.8999e-03
09:45:25 | Epoch [ 25/50] Time:   5.1s | Train Loss: 0.001878 | Val Loss: 0.000833 | Val BER: 2.0906e-03 | LR: 5.05e-04
09:45:33 | Epoch [ 26/50] Time:   5.1s | Train Loss: 0.001726 | Val Loss: 0.000592 | Val BER: 1.4344e-03 | LR: 4.74e-04
09:45:33 |   ★ 最优模型已更新 → Epoch 26, Val Loss=0.000592, Val BER=1.4344e-03
09:45:40 | Epoch [ 27/50] Time:   5.2s | Train Loss: 0.001734 | Val Loss: 0.000751 | Val BER: 1.7931e-03 | LR: 4.43e-04
09:45:48 | Epoch [ 28/50] Time:   5.1s | Train Loss: 0.001601 | Val Loss: 0.000572 | Val BER: 1.3581e-03 | LR: 4.12e-04
09:45:48 |   ★ 最优模型已更新 → Epoch 28, Val Loss=0.000572, Val BER=1.3581e-03
09:45:56 | Epoch [ 29/50] Time:   5.1s | Train Loss: 0.001502 | Val Loss: 0.000539 | Val BER: 1.3734e-03 | LR: 3.82e-04
09:45:56 |   ★ 最优模型已更新 → Epoch 29, Val Loss=0.000539, Val BER=1.3734e-03
09:46:05 | Epoch [ 30/50] Time:   5.9s | Train Loss: 0.001484 | Val Loss: 0.000501 | Val BER: 1.2971e-03 | LR: 3.52e-04
09:46:05 |   ★ 最优模型已更新 → Epoch 30, Val Loss=0.000501, Val BER=1.2971e-03
09:46:13 | Epoch [ 31/50] Time:   5.4s | Train Loss: 0.001403 | Val Loss: 0.000426 | Val BER: 9.7664e-04 | LR: 3.23e-04
09:46:13 |   ★ 最优模型已更新 → Epoch 31, Val Loss=0.000426, Val BER=9.7664e-04
09:46:21 | Epoch [ 32/50] Time:   5.0s | Train Loss: 0.001349 | Val Loss: 0.000417 | Val BER: 9.6901e-04 | LR: 2.94e-04
09:46:21 |   ★ 最优模型已更新 → Epoch 32, Val Loss=0.000417, Val BER=9.6901e-04
09:46:28 | Epoch [ 33/50] Time:   5.3s | Train Loss: 0.001306 | Val Loss: 0.000445 | Val BER: 1.0835e-03 | LR: 2.67e-04
09:46:36 | Epoch [ 34/50] Time:   5.1s | Train Loss: 0.001276 | Val Loss: 0.000344 | Val BER: 8.3167e-04 | LR: 2.40e-04
09:46:36 |   ★ 最优模型已更新 → Epoch 34, Val Loss=0.000344, Val BER=8.3167e-04
09:46:44 | Epoch [ 35/50] Time:   5.1s | Train Loss: 0.001169 | Val Loss: 0.000419 | Val BER: 8.5456e-04 | LR: 2.14e-04
09:46:53 | Epoch [ 36/50] Time:   5.5s | Train Loss: 0.001120 | Val Loss: 0.000382 | Val BER: 8.8508e-04 | LR: 1.89e-04
09:47:01 | Epoch [ 37/50] Time:   5.4s | Train Loss: 0.001132 | Val Loss: 0.000355 | Val BER: 8.5456e-04 | LR: 1.66e-04
09:47:09 | Epoch [ 38/50] Time:   5.2s | Train Loss: 0.001098 | Val Loss: 0.000333 | Val BER: 7.2485e-04 | LR: 1.44e-04
09:47:09 |   ★ 最优模型已更新 → Epoch 38, Val Loss=0.000333, Val BER=7.2485e-04
09:47:16 | Epoch [ 39/50] Time:   5.2s | Train Loss: 0.001095 | Val Loss: 0.000342 | Val BER: 8.0115e-04 | LR: 1.24e-04
09:47:24 | Epoch [ 40/50] Time:   5.0s | Train Loss: 0.001067 | Val Loss: 0.000322 | Val BER: 7.4774e-04 | LR: 1.05e-04
09:47:24 |   ★ 最优模型已更新 → Epoch 40, Val Loss=0.000322, Val BER=7.4774e-04
09:47:32 | Epoch [ 41/50] Time:   5.5s | Train Loss: 0.001063 | Val Loss: 0.000316 | Val BER: 7.2485e-04 | LR: 8.71e-05
09:47:32 |   ★ 最优模型已更新 → Epoch 41, Val Loss=0.000316, Val BER=7.2485e-04
09:47:40 | Epoch [ 42/50] Time:   4.9s | Train Loss: 0.001071 | Val Loss: 0.000325 | Val BER: 7.6300e-04 | LR: 7.12e-05
09:47:48 | Epoch [ 43/50] Time:   5.3s | Train Loss: 0.000964 | Val Loss: 0.000283 | Val BER: 6.4092e-04 | LR: 5.71e-05
09:47:48 |   ★ 最优模型已更新 → Epoch 43, Val Loss=0.000283, Val BER=6.4092e-04
09:47:55 | Epoch [ 44/50] Time:   5.2s | Train Loss: 0.001011 | Val Loss: 0.000284 | Val BER: 6.4855e-04 | LR: 4.48e-05
09:48:04 | Epoch [ 45/50] Time:   5.4s | Train Loss: 0.000946 | Val Loss: 0.000267 | Val BER: 6.4092e-04 | LR: 3.42e-05
09:48:04 |   ★ 最优模型已更新 → Epoch 45, Val Loss=0.000267, Val BER=6.4092e-04
09:48:11 | Epoch [ 46/50] Time:   5.0s | Train Loss: 0.000942 | Val Loss: 0.000275 | Val BER: 6.3329e-04 | LR: 2.56e-05
09:48:19 | Epoch [ 47/50] Time:   5.3s | Train Loss: 0.000920 | Val Loss: 0.000284 | Val BER: 6.6381e-04 | LR: 1.88e-05
09:48:28 | Epoch [ 48/50] Time:   5.5s | Train Loss: 0.000923 | Val Loss: 0.000292 | Val BER: 6.4092e-04 | LR: 1.39e-05
09:48:36 | Epoch [ 49/50] Time:   5.4s | Train Loss: 0.000887 | Val Loss: 0.000277 | Val BER: 6.4092e-04 | LR: 1.10e-05
09:48:43 | Epoch [ 50/50] Time:   5.0s | Train Loss: 0.000899 | Val Loss: 0.000268 | Val BER: 6.5618e-04 | LR: 1.00e-05
09:48:43 | 
============================================================
09:48:43 | 训练完成！最优 Epoch: 45
09:48:43 | 最优验证损失: 0.000267
09:48:43 | 最优验证 BER:  6.4092e-04
09:48:43 | 模型已保存至:  D:\IMDD_transformer\models\kan_teq_model.pth
09:48:43 | ============================================================
09:48:44 | 训练曲线已保存: D:\IMDD_transformer\images\kan_teq_training_loss.png
