09:51:52 | ============================================================
09:51:52 |   Lightweight Transformer Equalizer — 训练开始
09:51:52 | ============================================================
09:51:52 | 运行设备: cuda
09:51:52 | 配置参数: {'window_size': 21, 'sps': 2, 'd_model': 16, 'nhead': 2, 'dim_feedforward': 32, 'num_layers': 1, 'num_passes': 2, 'use_weight_sharing': True, 'use_center_token': True, 'use_sinusoidal_pe': True, 'batch_size': 256, 'epochs': 50, 'lr': 0.001, 'label_scale': 3.0, 'eval_interval': 1, 'device': 'cuda'}
09:51:52 | 归一化统计 (训练集): mean=-0.0008, std=1.2389
09:51:52 | 训练信号点数: 262,144  |  训练符号数: 131,072
09:51:52 | 测试信号点数: 262,144   |  测试符号数: 131,072
09:51:52 | 
===== 模型参数量统计 =====
09:51:52 |   总参数量:     2,273
09:51:52 |   可训练参数量: 2,273
09:51:52 |   各层参数明细:
09:51:52 |     input_proj.weight: 16  [16, 1]
09:51:52 |     input_proj.bias: 16  [16]
09:51:52 |     shared_layer.self_attn.in_proj_weight: 768  [48, 16]
09:51:52 |     shared_layer.self_attn.in_proj_bias: 48  [48]
09:51:52 |     shared_layer.self_attn.out_proj.weight: 256  [16, 16]
09:51:52 |     shared_layer.self_attn.out_proj.bias: 16  [16]
09:51:52 |     shared_layer.linear1.weight: 512  [32, 16]
09:51:52 |     shared_layer.linear1.bias: 32  [32]
09:51:52 |     shared_layer.linear2.weight: 512  [16, 32]
09:51:52 |     shared_layer.linear2.bias: 16  [16]
09:51:52 |     shared_layer.norm1.weight: 16  [16]
09:51:52 |     shared_layer.norm1.bias: 16  [16]
09:51:52 |     shared_layer.norm2.weight: 16  [16]
09:51:52 |     shared_layer.norm2.bias: 16  [16]
09:51:52 |     head.weight: 16  [1, 16]
09:51:52 |     head.bias: 1  [1]
09:51:52 | ==========================

09:51:58 | Epoch [  1/50] Time:   3.5s | Train Loss: 0.053355 | Val Loss: 0.032500 | Val BER: 8.8165e-02 | LR: 9.99e-04
09:51:58 |   ★ 最优模型已更新 → Epoch 1, Val Loss=0.032500, Val BER=8.8165e-02
09:52:03 | Epoch [  2/50] Time:   3.3s | Train Loss: 0.027457 | Val Loss: 0.018466 | Val BER: 4.2583e-02 | LR: 9.96e-04
09:52:03 |   ★ 最优模型已更新 → Epoch 2, Val Loss=0.018466, Val BER=4.2583e-02
09:52:08 | Epoch [  3/50] Time:   3.3s | Train Loss: 0.016655 | Val Loss: 0.010488 | Val BER: 1.7244e-02 | LR: 9.91e-04
09:52:08 |   ★ 最优模型已更新 → Epoch 3, Val Loss=0.010488, Val BER=1.7244e-02
09:52:13 | Epoch [  4/50] Time:   3.4s | Train Loss: 0.012815 | Val Loss: 0.008757 | Val BER: 1.4131e-02 | LR: 9.84e-04
09:52:13 |   ★ 最优模型已更新 → Epoch 4, Val Loss=0.008757, Val BER=1.4131e-02
09:52:18 | Epoch [  5/50] Time:   3.3s | Train Loss: 0.011267 | Val Loss: 0.007648 | Val BER: 1.2178e-02 | LR: 9.76e-04
09:52:18 |   ★ 最优模型已更新 → Epoch 5, Val Loss=0.007648, Val BER=1.2178e-02
09:52:23 | Epoch [  6/50] Time:   3.2s | Train Loss: 0.010229 | Val Loss: 0.007045 | Val BER: 1.1132e-02 | LR: 9.65e-04
09:52:23 |   ★ 最优模型已更新 → Epoch 6, Val Loss=0.007045, Val BER=1.1132e-02
09:52:28 | Epoch [  7/50] Time:   3.2s | Train Loss: 0.009283 | Val Loss: 0.006489 | Val BER: 1.0575e-02 | LR: 9.53e-04
09:52:28 |   ★ 最优模型已更新 → Epoch 7, Val Loss=0.006489, Val BER=1.0575e-02
09:52:33 | Epoch [  8/50] Time:   3.4s | Train Loss: 0.008659 | Val Loss: 0.005409 | Val BER: 1.0140e-02 | LR: 9.39e-04
09:52:33 |   ★ 最优模型已更新 → Epoch 8, Val Loss=0.005409, Val BER=1.0140e-02
09:52:38 | Epoch [  9/50] Time:   3.5s | Train Loss: 0.007970 | Val Loss: 0.005073 | Val BER: 9.2705e-03 | LR: 9.23e-04
09:52:38 |   ★ 最优模型已更新 → Epoch 9, Val Loss=0.005073, Val BER=9.2705e-03
09:52:43 | Epoch [ 10/50] Time:   3.3s | Train Loss: 0.007500 | Val Loss: 0.004754 | Val BER: 8.5533e-03 | LR: 9.05e-04
09:52:43 |   ★ 最优模型已更新 → Epoch 10, Val Loss=0.004754, Val BER=8.5533e-03
09:52:48 | Epoch [ 11/50] Time:   3.3s | Train Loss: 0.007044 | Val Loss: 0.004675 | Val BER: 8.0955e-03 | LR: 8.86e-04
09:52:48 |   ★ 最优模型已更新 → Epoch 11, Val Loss=0.004675, Val BER=8.0955e-03
09:52:53 | Epoch [ 12/50] Time:   3.2s | Train Loss: 0.006595 | Val Loss: 0.003931 | Val BER: 7.4927e-03 | LR: 8.66e-04
09:52:53 |   ★ 最优模型已更新 → Epoch 12, Val Loss=0.003931, Val BER=7.4927e-03
09:52:58 | Epoch [ 13/50] Time:   3.3s | Train Loss: 0.006362 | Val Loss: 0.004058 | Val BER: 8.0421e-03 | LR: 8.44e-04
09:53:03 | Epoch [ 14/50] Time:   3.2s | Train Loss: 0.006011 | Val Loss: 0.003571 | Val BER: 6.8289e-03 | LR: 8.21e-04
09:53:03 |   ★ 最优模型已更新 → Epoch 14, Val Loss=0.003571, Val BER=6.8289e-03
09:53:08 | Epoch [ 15/50] Time:   3.3s | Train Loss: 0.005819 | Val Loss: 0.003551 | Val BER: 7.5156e-03 | LR: 7.96e-04
09:53:08 |   ★ 最优模型已更新 → Epoch 15, Val Loss=0.003551, Val BER=7.5156e-03
09:53:13 | Epoch [ 16/50] Time:   3.3s | Train Loss: 0.005726 | Val Loss: 0.003549 | Val BER: 6.5160e-03 | LR: 7.70e-04
09:53:13 |   ★ 最优模型已更新 → Epoch 16, Val Loss=0.003549, Val BER=6.5160e-03
09:53:19 | Epoch [ 17/50] Time:   3.5s | Train Loss: 0.005407 | Val Loss: 0.003388 | Val BER: 6.4474e-03 | LR: 7.43e-04
09:53:19 |   ★ 最优模型已更新 → Epoch 17, Val Loss=0.003388, Val BER=6.4474e-03
09:53:24 | Epoch [ 18/50] Time:   3.3s | Train Loss: 0.005334 | Val Loss: 0.003807 | Val BER: 7.5995e-03 | LR: 7.16e-04
09:53:29 | Epoch [ 19/50] Time:   3.3s | Train Loss: 0.005117 | Val Loss: 0.003262 | Val BER: 6.5008e-03 | LR: 6.87e-04
09:53:29 |   ★ 最优模型已更新 → Epoch 19, Val Loss=0.003262, Val BER=6.5008e-03
09:53:34 | Epoch [ 20/50] Time:   3.2s | Train Loss: 0.005138 | Val Loss: 0.003013 | Val BER: 5.7912e-03 | LR: 6.58e-04
09:53:34 |   ★ 最优模型已更新 → Epoch 20, Val Loss=0.003013, Val BER=5.7912e-03
09:53:39 | Epoch [ 21/50] Time:   3.3s | Train Loss: 0.005031 | Val Loss: 0.002813 | Val BER: 5.4936e-03 | LR: 6.28e-04
09:53:39 |   ★ 最优模型已更新 → Epoch 21, Val Loss=0.002813, Val BER=5.4936e-03
09:53:43 | Epoch [ 22/50] Time:   3.2s | Train Loss: 0.004869 | Val Loss: 0.003214 | Val BER: 5.8599e-03 | LR: 5.98e-04
09:53:49 | Epoch [ 23/50] Time:   3.4s | Train Loss: 0.004923 | Val Loss: 0.002800 | Val BER: 5.3334e-03 | LR: 5.67e-04
09:53:49 |   ★ 最优模型已更新 → Epoch 23, Val Loss=0.002800, Val BER=5.3334e-03
09:53:54 | Epoch [ 24/50] Time:   3.4s | Train Loss: 0.004672 | Val Loss: 0.002777 | Val BER: 5.0053e-03 | LR: 5.36e-04
09:53:54 |   ★ 最优模型已更新 → Epoch 24, Val Loss=0.002777, Val BER=5.0053e-03
09:53:59 | Epoch [ 25/50] Time:   3.5s | Train Loss: 0.004597 | Val Loss: 0.003182 | Val BER: 6.0506e-03 | LR: 5.05e-04
09:54:04 | Epoch [ 26/50] Time:   3.4s | Train Loss: 0.004618 | Val Loss: 0.002988 | Val BER: 5.0892e-03 | LR: 4.74e-04
09:54:09 | Epoch [ 27/50] Time:   3.2s | Train Loss: 0.004375 | Val Loss: 0.002603 | Val BER: 4.9214e-03 | LR: 4.43e-04
09:54:09 |   ★ 最优模型已更新 → Epoch 27, Val Loss=0.002603, Val BER=4.9214e-03
09:54:14 | Epoch [ 28/50] Time:   3.3s | Train Loss: 0.004468 | Val Loss: 0.002529 | Val BER: 4.6162e-03 | LR: 4.12e-04
09:54:14 |   ★ 最优模型已更新 → Epoch 28, Val Loss=0.002529, Val BER=4.6162e-03
09:54:19 | Epoch [ 29/50] Time:   3.1s | Train Loss: 0.004486 | Val Loss: 0.002667 | Val BER: 4.6238e-03 | LR: 3.82e-04
09:54:24 | Epoch [ 30/50] Time:   3.3s | Train Loss: 0.004175 | Val Loss: 0.002655 | Val BER: 4.7917e-03 | LR: 3.52e-04
09:54:29 | Epoch [ 31/50] Time:   3.4s | Train Loss: 0.004269 | Val Loss: 0.002804 | Val BER: 4.8603e-03 | LR: 3.23e-04
09:54:34 | Epoch [ 32/50] Time:   3.5s | Train Loss: 0.004103 | Val Loss: 0.002469 | Val BER: 4.2041e-03 | LR: 2.94e-04
09:54:34 |   ★ 最优模型已更新 → Epoch 32, Val Loss=0.002469, Val BER=4.2041e-03
09:54:39 | Epoch [ 33/50] Time:   3.3s | Train Loss: 0.004043 | Val Loss: 0.002403 | Val BER: 4.3491e-03 | LR: 2.67e-04
09:54:39 |   ★ 最优模型已更新 → Epoch 33, Val Loss=0.002403, Val BER=4.3491e-03
09:54:44 | Epoch [ 34/50] Time:   3.2s | Train Loss: 0.004004 | Val Loss: 0.002381 | Val BER: 4.3644e-03 | LR: 2.40e-04
09:54:44 |   ★ 最优模型已更新 → Epoch 34, Val Loss=0.002381, Val BER=4.3644e-03
09:54:49 | Epoch [ 35/50] Time:   3.1s | Train Loss: 0.003884 | Val Loss: 0.002217 | Val BER: 4.0134e-03 | LR: 2.14e-04
09:54:49 |   ★ 最优模型已更新 → Epoch 35, Val Loss=0.002217, Val BER=4.0134e-03
09:54:54 | Epoch [ 36/50] Time:   3.3s | Train Loss: 0.003886 | Val Loss: 0.002564 | Val BER: 4.1050e-03 | LR: 1.89e-04
09:54:59 | Epoch [ 37/50] Time:   3.1s | Train Loss: 0.003849 | Val Loss: 0.002324 | Val BER: 3.8303e-03 | LR: 1.66e-04
09:55:04 | Epoch [ 38/50] Time:   3.4s | Train Loss: 0.003745 | Val Loss: 0.002227 | Val BER: 3.7921e-03 | LR: 1.44e-04
09:55:09 | Epoch [ 39/50] Time:   3.3s | Train Loss: 0.003749 | Val Loss: 0.002147 | Val BER: 3.7006e-03 | LR: 1.24e-04
09:55:09 |   ★ 最优模型已更新 → Epoch 39, Val Loss=0.002147, Val BER=3.7006e-03
09:55:14 | Epoch [ 40/50] Time:   3.3s | Train Loss: 0.003819 | Val Loss: 0.002259 | Val BER: 3.6395e-03 | LR: 1.05e-04
09:55:19 | Epoch [ 41/50] Time:   3.2s | Train Loss: 0.003745 | Val Loss: 0.002186 | Val BER: 3.6624e-03 | LR: 8.71e-05
09:55:24 | Epoch [ 42/50] Time:   3.2s | Train Loss: 0.003645 | Val Loss: 0.002142 | Val BER: 3.7463e-03 | LR: 7.12e-05
09:55:24 |   ★ 最优模型已更新 → Epoch 42, Val Loss=0.002142, Val BER=3.7463e-03
09:55:29 | Epoch [ 43/50] Time:   3.2s | Train Loss: 0.003584 | Val Loss: 0.002149 | Val BER: 3.4869e-03 | LR: 5.71e-05
09:55:34 | Epoch [ 44/50] Time:   3.3s | Train Loss: 0.003575 | Val Loss: 0.002151 | Val BER: 3.5403e-03 | LR: 4.48e-05
09:55:39 | Epoch [ 45/50] Time:   3.1s | Train Loss: 0.003726 | Val Loss: 0.002130 | Val BER: 3.5174e-03 | LR: 3.42e-05
09:55:39 |   ★ 最优模型已更新 → Epoch 45, Val Loss=0.002130, Val BER=3.5174e-03
09:55:44 | Epoch [ 46/50] Time:   3.2s | Train Loss: 0.003521 | Val Loss: 0.002130 | Val BER: 3.3954e-03 | LR: 2.56e-05
09:55:49 | Epoch [ 47/50] Time:   3.3s | Train Loss: 0.003594 | Val Loss: 0.002162 | Val BER: 3.5709e-03 | LR: 1.88e-05
09:55:54 | Epoch [ 48/50] Time:   3.2s | Train Loss: 0.003508 | Val Loss: 0.002106 | Val BER: 3.3954e-03 | LR: 1.39e-05
09:55:54 |   ★ 最优模型已更新 → Epoch 48, Val Loss=0.002106, Val BER=3.3954e-03
09:55:59 | Epoch [ 49/50] Time:   3.2s | Train Loss: 0.003585 | Val Loss: 0.002093 | Val BER: 3.4259e-03 | LR: 1.10e-05
09:55:59 |   ★ 最优模型已更新 → Epoch 49, Val Loss=0.002093, Val BER=3.4259e-03
09:56:03 | Epoch [ 50/50] Time:   3.1s | Train Loss: 0.003554 | Val Loss: 0.002098 | Val BER: 3.3648e-03 | LR: 1.00e-05
09:56:03 | 
============================================================
09:56:03 | 训练完成！最优 Epoch: 49
09:56:03 | 最优验证损失: 0.002093
09:56:03 | 最优验证 BER:  3.4259e-03
09:56:03 | 模型已保存至:  D:\IMDD_transformer\models\teq_model.pth
09:56:03 | ============================================================
09:56:04 | 训练曲线已保存: D:\IMDD_transformer\images\teq_training_loss.png
